// Jest Snapshot v1, https://goo.gl/fbAQLP

exports[`Logo should render properly 1`] = `
<div
  className="container"
>
  <span
    className="titleBold"
  >
    netflix
  </span>
  <span>
    roulette
  </span>
</div>
`;
