// Jest Snapshot v1, https://goo.gl/fbAQLP

exports[`Content should render properly 1`] = `
<main
  className="section"
>
  <div
    className="cardsWrapper"
  />
</main>
`;
