// Jest Snapshot v1, https://goo.gl/fbAQLP

exports[`Footer should render properly 1`] = `
<footer
  className="section"
>
  <Logo />
</footer>
`;
