// Jest Snapshot v1, https://goo.gl/fbAQLP

exports[`SearchPanel should render properly 1`] = `undefined`;
