// Jest Snapshot v1, https://goo.gl/fbAQLP

exports[`SortPanel should render properly 1`] = `
<section
  className="section"
>
  <div
    className="container-global panelContainer"
  >
    <SortControl
      btn1Label="release date"
      btn2Label="rating"
      inputName="sortBy"
      title="sort by"
    />
  </div>
</section>
`;
